2025-11-04 03:19:55,797 - __main__ - INFO - Script de prueba local para GraphSec-IaC
2025-11-04 03:19:55,797 - __main__ - INFO - Directorio de trabajo: C:\Users\Guillermo\Documents\TFG\GraphSec-IaC
2025-11-04 03:19:55,797 - __main__ - INFO - El directorio ./terraform-aws-vpc ya existe, omitiendo clonado
2025-11-04 03:19:55,797 - __main__ - INFO - Inicializando Terraform...
2025-11-04 03:19:59,191 - __main__ - INFO - Terraform inicializado exitosamente
2025-11-04 03:19:59,191 - __main__ - INFO - ================================================================================
2025-11-04 03:19:59,191 - __main__ - INFO - INICIANDO PIPELINE DE AN┴LISIS
2025-11-04 03:19:59,191 - __main__ - INFO - ================================================================================
2025-11-04 03:19:59,356 - run_pipeline - INFO - Iniciando pipeline completo de anßlisis para proyecto 'vpc_local_test' en './terraform-aws-vpc'...
2025-11-04 03:19:59,356 - run_pipeline - INFO - Ejecutando Etapa 1: Generaci¾n del grafo (con cachÚ)...
2025-11-04 03:19:59,382 - run_pipeline - INFO - Cargando grafo desde cachÚ para vpc_local_test...
2025-11-04 03:19:59,410 - run_pipeline - INFO - Grafo cargado desde cachÚ: 96 nodos, 108 aristas
2025-11-04 03:19:59,410 - run_pipeline - INFO - Ejecutando Etapa 2: Anßlisis de seguridad con Checkov y Trivy (en paralelo)...
2025-11-04 03:19:59,410 - modules.security_scanner - WARNING - Venv del proyecto no encontrado en C:\Users\Guillermo\Documents\TFG\GraphSec-IaC\venv\Scripts\python.exe, usando Python actual: C:\Python310\python.exe
2025-11-04 03:19:59,631 - modules.security_scanner - INFO - Trivy encontrado en PATH: trivy
2025-11-04 03:19:59,631 - run_pipeline - INFO - Iniciando tareas de escßner en paralelo...
2025-11-04 03:19:59,666 - run_pipeline - INFO - Ejecutando checkov para vpc_local_test (no hay cachÚ)...
2025-11-04 03:19:59,666 - modules.security_scanner - WARNING - Venv del proyecto no encontrado en C:\Users\Guillermo\Documents\TFG\GraphSec-IaC\venv\Scripts\python.exe, usando Python actual: C:\Python310\python.exe
2025-11-04 03:19:59,666 - modules.security_scanner - INFO - Directorio de salida SARIF: C:\Users\Guillermo\Documents\TFG\GraphSec-IaC
2025-11-04 03:19:59,666 - modules.security_scanner - INFO - Archivo SARIF esperado: C:\Users\Guillermo\Documents\TFG\GraphSec-IaC\checkov_results_vpc_local_test.sarif
2025-11-04 03:19:59,666 - modules.security_scanner - WARNING - Venv del proyecto no encontrado en C:\Users\Guillermo\Documents\TFG\GraphSec-IaC\venv\Scripts\python.exe, usando Python actual: C:\Python310\python.exe
2025-11-04 03:19:59,666 - modules.security_scanner - INFO - Comando Checkov completo: C:\Python310\python.exe -m checkov --directory . --output sarif --output-file-path C:\Users\Guillermo\Documents\TFG\GraphSec-IaC\checkov_results_vpc_local_test.sarif --skip-path .git
2025-11-04 03:19:59,666 - modules.security_scanner - INFO - [03:19:59] Ejecutando Checkov: None ...
2025-11-04 03:19:59,718 - run_pipeline - INFO - Resultados de trivy encontrados en cachÚ para vpc_local_test...
2025-11-04 03:19:59,761 - modules.security_scanner - ERROR - Checkov se ejecut¾ (c¾digo 1) pero el SARIF no se encontr¾ en: C:\Users\Guillermo\Documents\TFG\GraphSec-IaC\checkov_results_vpc_local_test.sarif
2025-11-04 03:19:59,761 - modules.security_scanner - ERROR - Logs de Checkov (stdout): 
2025-11-04 03:19:59,761 - modules.security_scanner - ERROR - Logs de Checkov (stderr): C:\Python310\python.exe: No module named checkov.__main__; 'checkov' is a package and cannot be directly executed


2025-11-04 03:19:59,761 - modules.security_scanner - ERROR - Archivos en directorio de salida: ['.git', '.github', '.gitignore', '.graphsec_cache', 'api.py', 'checkov_results.sarif', 'checkov_results_eks.sarif', 'checkov_results_vpc.sarif', 'checkov_test_infra.sarif', 'check_dependencies.py', 'graph_data.json', 'graph_data_local.json', 'graph_data_test.json', 'index.html', 'install_trivy.md', 'modules', 'PLAN_MEJORA_PARSER.md', 'README.md', 'requirements.txt', 'run_pipeline.py', 'static', 'terraform-aws-vpc', 'tests', 'test_checkov_simple.sarif', 'test_infra', 'test_local.py', 'test_output.txt', 'test_trivy.sarif', 'trivy_results.sarif', 'trivy_results_eks.sarif', 'trivy_results_vpc.sarif', 'trivy_results_vpc_local_test.sarif', 'ts y mejoras de robustez', '__pycache__']
2025-11-04 03:19:59,762 - run_pipeline - INFO - Etapa 2 completada en 0.13 segundos (tiempo de los escßneres en paralelo)
2025-11-04 03:19:59,762 - run_pipeline - WARNING - Checkov fall¾ o no se ejecut¾, continuando solo con Trivy...
2025-11-04 03:19:59,762 - run_pipeline - INFO - Ejecutando Etapa 3: Carga y combinaci¾n de resultados...
2025-11-04 03:19:59,777 - modules.correlation_engine - INFO - Cargados 26 hallazgos de seguridad desde Trivy
2025-11-04 03:19:59,777 - run_pipeline - INFO - [DIAGNËSTICO] Trivy: 26 hallazgos cargados desde .graphsec_cache\trivy_vpc_local_test_99804cd6aa32d1c4134b984798c16f7e73eb18a771b2027e39b8b19a95b83524_b3bb9430.sarif
2025-11-04 03:19:59,777 - run_pipeline - INFO - [DIAGNËSTICO] Ejemplo hallazgo Trivy: rule_id=AVD-AWS-0017, file=examples/flow-log/main.tf, line=114
2025-11-04 03:19:59,777 - run_pipeline - INFO - [DIAGNËSTICO] Total de hallazgos cargados: 26 desde 1 escßneres
2025-11-04 03:19:59,778 - run_pipeline - INFO - [DIAGNËSTICO] Distribuci¾n por escßner: Checkov=0, Trivy=26
2025-11-04 03:19:59,778 - run_pipeline - INFO - Ejecutando Etapa 4: Procesado y de-duplicaci¾n (CFI)...
2025-11-04 03:19:59,778 - modules.correlation_engine - INFO - Directorio raÝz del proyecto establecido para correlaci¾n: C:\Users\Guillermo\Documents\TFG\GraphSec-IaC\terraform-aws-vpc
2025-11-04 03:19:59,778 - modules.correlation_engine - INFO - Filtrado de hallazgos: 1 ignorados (YAML: 0, Examples: 0, Tests: 0, .terraform: 0, Otros: 1), 25 procesados
2025-11-04 03:19:59,793 - modules.correlation_engine - INFO - Hallazgo AVD-AWS-0088 en terraform-aws-modules/s3-bucket/aws/main.tf:45 asignado por Capa 0 (no asignado) -> unknown_resource
2025-11-04 03:19:59,794 - modules.correlation_engine - INFO - Hallazgo s3-bucket-logging en terraform-aws-modules/s3-bucket/aws/main.tf:45 asignado por Capa 0 (no asignado) -> unknown_resource
2025-11-04 03:19:59,798 - modules.correlation_engine - INFO - Hallazgo AVD-AWS-0090 en terraform-aws-modules/s3-bucket/aws/main.tf:45 asignado por Capa 0 (no asignado) -> unknown_resource
2025-11-04 03:19:59,800 - modules.correlation_engine - INFO - Hallazgo AVD-AWS-0132 en terraform-aws-modules/s3-bucket/aws/main.tf:45 asignado por Capa 0 (no asignado) -> unknown_resource
2025-11-04 03:19:59,800 - modules.correlation_engine - INFO - [DIAGNËSTICO] De-duplicaci¾n (CFI) completada: 26 originales -> 11 ·nicos (eliminados 15 duplicados)
2025-11-04 03:19:59,800 - modules.correlation_engine - INFO - [DIAGNËSTICO] Distribuci¾n por capas: Capa 1=21, Capa 2=0, Capa 3=0, No asignados=4
2025-11-04 03:19:59,800 - modules.correlation_engine - INFO - [DIAGNËSTICO] Desglose: 25 despuÚs de filtrado -> 21 asignados -> 11 ·nicos despuÚs de CFI
2025-11-04 03:19:59,800 - run_pipeline - INFO - De-duplicaci¾n (CFI) completada: 26 -> 11 hallazgos ·nicos (15 duplicados eliminados)
2025-11-04 03:19:59,800 - run_pipeline - INFO - Ejecutando Etapa 5: Adjuntando hallazgos al grafo...
2025-11-04 03:19:59,800 - modules.correlation_engine - INFO - attach_findings_to_graph: 96 nodos totales. Ejemplos de IDs: ['aws_vpc.this_0', 'aws_vpc_ipv4_cidr_block_association.this_1', 'aws_vpc_block_public_access_options.this_2', 'aws_vpc_block_public_access_exclusion.this_3', 'aws_vpc_dhcp_options.this_4']
2025-11-04 03:19:59,800 - modules.correlation_engine - INFO - attach_findings_to_graph: 11 hallazgos ·nicos procesados
2025-11-04 03:19:59,800 - modules.correlation_engine - INFO - attach_findings_to_graph: 5 nodos ·nicos recibieron hallazgos
2025-11-04 03:19:59,801 - modules.correlation_engine - INFO - attach_findings_to_graph: 4 hallazgos no asignados
2025-11-04 03:19:59,801 - modules.correlation_engine - WARNING - Ejemplos de resource_ids no encontrados: ['unknown_resource']
2025-11-04 03:19:59,801 - run_pipeline - INFO - Pipeline completado exitosamente para proyecto 'vpc_local_test'
2025-11-04 03:19:59,801 - __main__ - INFO - ================================================================================
2025-11-04 03:19:59,801 - __main__ - INFO - RESUMEN DE RESULTADOS
2025-11-04 03:19:59,801 - __main__ - INFO - ================================================================================
2025-11-04 03:19:59,801 - __main__ - INFO - Nodos Totales: 96
2025-11-04 03:19:59,801 - __main__ - INFO - Aristas Totales: 108
2025-11-04 03:19:59,801 - __main__ - INFO - Hallazgos ┌nicos: 11
2025-11-04 03:19:59,801 - __main__ - INFO - Nodos Vulnerables: 5
2025-11-04 03:19:59,801 - __main__ - INFO - Duplicados Eliminados: 15
2025-11-04 03:19:59,801 - __main__ - INFO - Escßneres Usados: 1
2025-11-04 03:19:59,801 - __main__ - INFO - No Asignados: 4
2025-11-04 03:19:59,801 - __main__ - INFO - 
Resultados guardados en: graph_data_local.json
2025-11-04 03:19:59,801 - __main__ - INFO - 
================================================================================
python : --- Logging error ---
En C:\Users\Guillermo\AppData\Local\Temp\ps-script-d0cad99c-f1bc-4d1c-b066-58ffbc9410b4.ps1: 89 Carácter: 1
+ python test_local.py > test_output.txt 2>&1 ; Get-Content test_output ...
+ ~~~~~~~~~~~~~~~~~~~~~~~~~~~~~~~~~~~~~~~~~~~
    + CategoryInfo          : NotSpecified: (--- Logging error ---:String) [], RemoteException
    + FullyQualifiedErrorId : NativeCommandError
 
Traceback (most recent call last):
  File "C:\Python310\lib\logging\__init__.py", line 1103, in emit
    stream.write(msg + self.terminator)
  File "C:\Python310\lib\encodings\cp1252.py", line 19, in encode
    return codecs.charmap_encode(input,self.errors,encoding_table)[0]
UnicodeEncodeError: 'charmap' codec can't encode character '\u2705' in position 44: character maps to <undefined>
Call stack:
  File "C:\Users\Guillermo\Documents\TFG\GraphSec-IaC\test_local.py", line 139, in <module>
    sys.exit(main())
  File "C:\Users\Guillermo\Documents\TFG\GraphSec-IaC\test_local.py", line 134, in main
    logger.info("\u2705 PRUEBA LOCAL COMPLETADA EXITOSAMENTE")
Message: '\u2705 PRUEBA LOCAL COMPLETADA EXITOSAMENTE'
Arguments: ()
2025-11-04 03:19:59,801 - __main__ - INFO - ================================================================================
